[ * ] Serial Driver successfully initialized
[ ? ] Initialized heap with 4MiB of memory at 0x4E8000
[ ? ] Initialized framebuffer mirroring with 3MiB at 0x100000
====== MEMORY MAP ======
[ 0x0000000000001000..0x0000000000052000 ] Type: BootloaderReclaimable Size: 324KiB
[ 0x0000000000053000..0x000000000009F000 ] Type: Usable Size: 304KiB
[ 0x000000000009FC00..0x00000000000A0000 ] Type: Reserved Size: 1KiB
[ 0x00000000000F0000..0x0000000000100000 ] Type: Reserved Size: 64KiB
[ 0x0000000000100000..0x0000000007AC3000 ] Type: Usable Size: 121MiB
[ 0x0000000007AC3000..0x0000000007AC4000 ] Type: KernelAndModules Size: 4KiB
[ 0x0000000007AC4000..0x0000000007AC5000 ] Type: BootloaderReclaimable Size: 4KiB
[ 0x0000000007AC5000..0x0000000007AC8000 ] Type: Usable Size: 12KiB
[ 0x0000000007AC8000..0x0000000007AD0000 ] Type: BootloaderReclaimable Size: 32KiB
[ 0x0000000007AD0000..0x0000000007AFE000 ] Type: KernelAndModules Size: 184KiB
[ 0x0000000007AFE000..0x0000000007B3C000 ] Type: BootloaderReclaimable Size: 248KiB
[ 0x0000000007B3C000..0x0000000007F26000 ] Type: Usable Size: 3MiB
[ 0x0000000007F26000..0x0000000007FE0000 ] Type: BootloaderReclaimable Size: 744KiB
[ 0x0000000007FE0000..0x0000000008000000 ] Type: Reserved Size: 128KiB
[ 0x00000000FD000000..0x00000000FD3E8000 ] Type: Framebuffer Size: 3MiB
[ 0x00000000FFFC0000..0x0000000100000000 ] Type: Reserved Size: 256KiB
[ 0x000000FD00000000..0x0000010000000000 ] Type: Reserved Size: 12GiB
Initramfs is located at: 0xffff800007ac3000..0xffff800007ac4000
Parsing initramfs fs at 0xffff800007ac3000
Squashfs { ptr: 0xffff800007ac3060, superblock: SquashfsSuperblock { magic: 73717368, inode_count: 2, mod_time: 6566B6A1, block_size: 20000, frag_count: 1, compressor: GZIP, block_log: 11, flags: 1CB, id_count: 1, ver_major: 4, ver_minor: 0, root_inode_offset: 20, root_inode_block: 0, _reserved: 0, bytes_used: 120, id_table: 118, xattr_table: FFFFFFFFFFFFFFFF, inode_table: 7B, dir_table: BD, frag_table: F0, export_table: 10A }, data_table: [48, 65, 6C, 6C, 6F, 20, 57, 6F, 72, 6C, 64, 20, 66, 72, 6F, 6D, 20, 49, 6E, 69, 74, 72, 61, 6D, 66, 73, A], inode_table: [40, 80, 2, 0, A4, 1, 0, 0, 0, 0, A1, B6, 66, 65, 1, 0, 0, 0, 0, 0, 0, 0, 0, 0, 0, 0, 0, 0, 0, 0, 1B, 0, 0, 0, 1, 0, ED, 1, 0, 0, 0, 0, A1, B6, 66, 65, 2, 0, 0, 0, 0, 0, 0, 0, 2, 0, 0, 0, 22, 0, 0, 0, 3, 0, 0, 0], directory_table: [1F, 80, 0, 0, 0, 0, 0, 0, 0, 0, 1, 0, 0, 0, 0, 0, 0, 0, 2, 0, A, 0, 65, 78, 61, 6D, 70, 6C, 65, 2E, 74, 78, 74, 10, 80, 60, 0, 0, 0, 0, 0, 0, 0, 1B, 0, 0, 1, 0, 0, 0, 0], fragment_table: Some([DE, 0, 0, 0, 0, 0, 0, 0, 10, 80, 0, 0, 0, 0, 0, 0, 0, 0, 20, 0, 0, 0, 0, 0, 0, 0]), export_table: Some([F8, 0, 0, 0, 0, 0, 0, 0, 4, 80, E8, 3, 0, 0]), id_table: [12, 1, 0, 0, 0, 0, 0, 0], xattr_table: None }
SquashfsFeatures { uncompressed_inodes: true, uncompressed_data_blocks: true, _reserved: false, uncompressed_fragments: true, unused_fragments: false, fragments_always_present: false, deduplicated_data: true, nfs_table_present: true, uncompressed_xattrs: true, no_xattrs: false, compressor_options_present: false, uncompressed_id_table: false }
[1, 0, ED, 1, 0, 0, 0, 0, A1, B6, 66, 65, 2, 0, 0, 0]
InodeHeader { file_type: BasicDirectory, _reserved: [0, 0, 0], mtime: 6566B6A1, inode_num: 2 }
root_inode: DirectoryInode { block_index: 0, link_count: 2, file_size: 22, block_offset: 0, parent_inode: 3 }
====== PCI DEVICES ======
Entry  0: Bus: 0 Device: 0 Function: 0 VendorID: 0x8086 DeviceID: 0x1237 ClassCode: 0x06 SubclassCode: 0x00 ProgIF: 0x00
Entry  1: Bus: 0 Device: 1 Function: 0 VendorID: 0x8086 DeviceID: 0x7000 ClassCode: 0x06 SubclassCode: 0x01 ProgIF: 0x00
Entry  2: Bus: 0 Device: 1 Function: 1 VendorID: 0x8086 DeviceID: 0x7010 ClassCode: 0x01 SubclassCode: 0x01 ProgIF: 0x80
Entry  3: Bus: 0 Device: 1 Function: 3 VendorID: 0x8086 DeviceID: 0x7113 ClassCode: 0x06 SubclassCode: 0x80 ProgIF: 0x00
Entry  4: Bus: 0 Device: 2 Function: 0 VendorID: 0x1234 DeviceID: 0x1111 ClassCode: 0x03 SubclassCode: 0x00 ProgIF: 0x00
Entry  5: Bus: 0 Device: 3 Function: 0 VendorID: 0x8086 DeviceID: 0x100E ClassCode: 0x02 SubclassCode: 0x00 ProgIF: 0x00
[ ? ] ATA: Detected 1 drive
[ ? ] ATA: Drive 0 has 131072 sectors (64 MB)
11, 44, 128
[ ? ] WARNING: FAT is not being stored in memory, this feature is experimental and file reads are expected to be slower.
Found Fat32 FS
[GPTPartitionEntry { partition_type_guid: [40, 115, 42, 193, 31, 248, 210, 17, 186, 75, 0, 160, 201, 62, 201, 59], start_sector: 2048, end_sector: 34815 }, GPTPartitionEntry { partition_type_guid: [175, 61, 198, 15, 131, 132, 114, 71, 142, 121, 61, 105, 216, 71, 125, 228], start_sector: 34816, end_sector: 131038 }]
Total memory: 125MiB
> 